TRACE:	reg hash=0xfac07451
TRACE:	spsr=0x190
TRACE:	pc = 0x400004, lr = 0x400004
TRACE:	regs[0] = 0x400004
TRACE:	regs[1] = 0x7000000
TRACE:	regs[2] = 0x0
TRACE:	regs[3] = 0x0
TRACE:	regs[4] = 0x0
TRACE:	regs[5] = 0x0
TRACE:	regs[6] = 0x0
TRACE:	regs[7] = 0x0
TRACE:	regs[8] = 0x0
TRACE:	regs[9] = 0x0
TRACE:	regs[10] = 0x0
TRACE:	regs[11] = 0x0
TRACE:	regs[12] = 0x0
TRACE:	regs[13] = 0x7000000
TRACE:	regs[14] = 0x0
TRACE:	regs[15] = 0x400004
TRACE:------------------------------------------------------
TRACE:	reg hash=0x831b8654
TRACE:	spsr=0x190
TRACE:	pc = 0x400010, lr = 0x400010
TRACE:	regs[0] = 0x400004
TRACE:	regs[1] = 0x7000000
TRACE:	regs[2] = 0x0
TRACE:	regs[3] = 0x0
TRACE:	regs[4] = 0x0
TRACE:	regs[5] = 0x0
TRACE:	regs[6] = 0x0
TRACE:	regs[7] = 0x0
TRACE:	regs[8] = 0x0
TRACE:	regs[9] = 0x0
TRACE:	regs[10] = 0x0
TRACE:	regs[11] = 0x0
TRACE:	regs[12] = 0x0
TRACE:	regs[13] = 0x7000000
TRACE:	regs[14] = 0x400008
TRACE:	regs[15] = 0x400010
TRACE:------------------------------------------------------
TRACE:	reg hash=0xfbf639bc
TRACE:	spsr=0x190
TRACE:	pc = 0x400014, lr = 0x400014
TRACE:	regs[0] = 0x400004
TRACE:	regs[1] = 0x7000000
TRACE:	regs[2] = 0x0
TRACE:	regs[3] = 0x0
TRACE:	regs[4] = 0x0
TRACE:	regs[5] = 0x0
TRACE:	regs[6] = 0x0
TRACE:	regs[7] = 0x0
TRACE:	regs[8] = 0x0
TRACE:	regs[9] = 0x0
TRACE:	regs[10] = 0x0
TRACE:	regs[11] = 0x0
TRACE:	regs[12] = 0x0
TRACE:	regs[13] = 0x6fffff8
TRACE:	regs[14] = 0x400008
TRACE:	regs[15] = 0x400014
TRACE:------------------------------------------------------
TRACE:	reg hash=0x45d5fb63
TRACE:	spsr=0x190
TRACE:	pc = 0x400018, lr = 0x400018
TRACE:	regs[0] = 0x400178
TRACE:	regs[1] = 0x7000000
TRACE:	regs[2] = 0x0
TRACE:	regs[3] = 0x0
TRACE:	regs[4] = 0x0
TRACE:	regs[5] = 0x0
TRACE:	regs[6] = 0x0
TRACE:	regs[7] = 0x0
TRACE:	regs[8] = 0x0
TRACE:	regs[9] = 0x0
TRACE:	regs[10] = 0x0
TRACE:	regs[11] = 0x0
TRACE:	regs[12] = 0x0
TRACE:	regs[13] = 0x6fffff8
TRACE:	regs[14] = 0x400008
TRACE:	regs[15] = 0x400018
TRACE:------------------------------------------------------
TRACE:EQUIV:	number instructions = 903
TRACE:EQUIV:	reg hash = 0xb44f8d18
